<html>
<body>
<pre>
<h1>礦ision Build Log</h1>
<h2>Tool Versions:</h2>
IDE-Version: μVision V5.22.0.0
Copyright (C) 2016 ARM Ltd and ARM Germany GmbH. All rights reserved.
License Information: 11 heye, 11, LIC=21EUH-WGVG0-7RKX3-AL4V0-P01QQ-AQN0S
 
Tool Versions:
Toolchain:       MDK-ARM Plus  Version: 5.22
Toolchain Path:  C:\Keil_v5\ARM\ARMCC\Bin
C Compiler:      Armcc.exe V5.06 update 4 (build 422)
Assembler:       Armasm.exe V5.06 update 4 (build 422)
Linker/Locator:  ArmLink.exe V5.06 update 4 (build 422)
Library Manager: ArmAr.exe V5.06 update 4 (build 422)
Hex Converter:   FromElf.exe V5.06 update 4 (build 422)
CPU DLL:         SARMCM3.DLL V5.22
Dialog DLL:      DARMSTM.DLL V1.67.0.0
Target DLL:      Segger\JL2CM3.dll V2.99.23.0
Dialog DLL:      TARMSTM.DLL V1.66.0.0
 
<h2>Project:</h2>
F:\study_material\work_project\bt_stack_blue_angel\blue_angel\bluetooth_basic_v0.1\Project\MDK-ARM(uV4)\project.uvproj
Project File Date:  10/13/2021

<h2>Output:</h2>
*** Using Compiler 'V5.06 update 4 (build 422)', folder: 'C:\Keil_v5\ARM\ARMCC\Bin'
Build target 'Flash'
compiling bt_init.c...
compiling main.c...
compiling bt_memory.c...
compiling bt_common.c...
compiling bt_task.c...
compiling bt_test.c...
..\..\Middleware\blue_angel\platform\test\bt_test.c(184): warning:  #1295-D: Deprecated declaration bt_power_on - give arg types
  extern bt_status_t bt_power_on();
..\..\Middleware\blue_angel\platform\test\bt_test.c: 1 warning, 0 errors
compiling bt_log.c...
compiling bt_driver.c...
compiling bt_hci.c...
compiling bt_gap_classic.c...
compiling bt_gap_common.c...
compiling bt_gap_connection.c...
compiling bt_gap_le.c...
compiling bt_l2cap_state_machine.c...
compiling bt_l2cap.c...
linking...
Program Size: Code=27930 RO-data=1114 RW-data=1268 ZI-data=37516  
FromELF: creating hex file...
After Build - User command #1: CopyHex_Flash.bat
F:\study_material\work_project\bt_stack_blue_angel\blue_angel\bluetooth_basic_v0.1\Project\MDK-ARM(uV4)>copy Flash\Obj\output.hex ..\output(mdk).hex 
已复制         1 个文件。
".\Flash\Obj\output.axf" - 0 Error(s), 1 Warning(s).
Build Time Elapsed:  00:00:10
</pre>
</body>
</html>
